// Jest Snapshot v1, https://goo.gl/fbAQLP

exports[`News should have render. 1`] = `
<DocumentFragment>
  <div
    class=""
    data-testid="news"
  >
    <article
      class=""
    >
      <figure>
        <a
          aria-hidden="true"
          class=""
          href="https://chadd.net"
          rel="noopener noreferrer"
          tabindex="-1"
          target="_blank"
        >
          <picture>
            <source
              srcset="http://lorempixel.com/913/512"
            />
            <img
              alt="Doloremque animi officia."
              loading="lazy"
              src="data:image/png;base64,iVBORw0KGgoAAAANSUhEUgAAAAEAAAABCAAAAAA6fptVAAAACklEQVQYV2P4DwABAQEAWk1v8QAAAABJRU5ErkJggg=="
            />
          </picture>
        </a>
      </figure>
      <div>
        <header>
          <h2>
            <a
              class=""
              href="https://chadd.net"
              rel="noopener noreferrer"
              target="_blank"
            >
              Doloremque animi officia.
            </a>
          </h2>
          <p>
            Eum facere ut expedita repudiandae iure labore laborum rerum. Dolorum autem ipsum similique iure error doloremque est. Hic voluptates assumenda nisi fugit dicta in.
          </p>
        </header>
        <footer>
          <a
            aria-hidden="true"
            class=""
            href="https://chadd.net"
            rel="noopener noreferrer"
            tabindex="-1"
            target="_blank"
          >
            3 months ago
          </a>
          , 
          <a
            class=""
            href="https://twitter.com/Elliott9"
            rel="noopener noreferrer"
            target="_blank"
          >
            Elliott9
          </a>
          , 
          <a
            href="/tag/frontend"
          >
            Frontend
          </a>
          , 
          <a
            href="/tag/turkce-kaynak"
          >
            Türkçe Kaynak
          </a>
          , 
          <a
            href="/tag/podcast"
          >
            Podcast
          </a>
          , 
          <a
            href="/tag/etkinlik"
          >
            Etkinlik
          </a>
        </footer>
      </div>
    </article>
    <article
      class=""
    >
      <figure>
        <a
          aria-hidden="true"
          class=""
          href="https://mossie.com"
          rel="noopener noreferrer"
          tabindex="-1"
          target="_blank"
        >
          <picture>
            <source
              srcset="http://lorempixel.com/913/512"
            />
            <img
              alt="Id facilis sed alias nulla omnis sed est."
              loading="lazy"
              src="data:image/png;base64,iVBORw0KGgoAAAANSUhEUgAAAAEAAAABCAAAAAA6fptVAAAACklEQVQYV2P4DwABAQEAWk1v8QAAAABJRU5ErkJggg=="
            />
          </picture>
        </a>
      </figure>
      <div>
        <header>
          <h2>
            <a
              class=""
              href="https://mossie.com"
              rel="noopener noreferrer"
              target="_blank"
            >
              Id facilis sed alias nulla omnis sed est.
            </a>
          </h2>
          <p>
            Non dicta delectus ipsam aliquam ipsam. Consequatur tenetur saepe magnam reprehenderit quis earum est. Et vel et ullam dolore eius suscipit in.
          </p>
        </header>
        <footer>
          <a
            aria-hidden="true"
            class=""
            href="https://mossie.com"
            rel="noopener noreferrer"
            tabindex="-1"
            target="_blank"
          >
            4 months ago
          </a>
          , 
          <a
            class=""
            href="https://twitter.com/Newton21"
            rel="noopener noreferrer"
            target="_blank"
          >
            Newton21
          </a>
          , 
          <a
            href="/tag/frontend"
          >
            Frontend
          </a>
          , 
          <a
            href="/tag/yazi"
          >
            Blog Yazısı
          </a>
          , 
          <a
            href="/tag/yazilim"
          >
            Yazılım
          </a>
          , 
          <a
            href="/tag/etkinlik"
          >
            Etkinlik
          </a>
          , 
          <a
            href="/tag/arac"
          >
            Araç
          </a>
        </footer>
      </div>
    </article>
    <article
      class=""
    >
      <h2>
        <a
          class=""
          href="http://alysha.com"
          rel="noopener noreferrer"
          target="_blank"
        >
          Unde sed at. Sed et velit consequatur sed.
        </a>
      </h2>
      <footer>
        <a
          aria-hidden="true"
          class=""
          href="http://alysha.com"
          rel="noopener noreferrer"
          tabindex="-1"
          target="_blank"
        >
          11 months ago
        </a>
        , 
        <a
          class=""
          href="https://twitter.com/Blaise_Streich"
          rel="noopener noreferrer"
          target="_blank"
        >
          Blaise_Streich
        </a>
        , 
        <a
          href="/tag/yazilim"
        >
          Yazılım
        </a>
        , 
        <a
          href="/tag/turkce-kaynak"
        >
          Türkçe Kaynak
        </a>
        , 
        <a
          href="/tag/alinti"
        >
          Alıntı
        </a>
        , 
        <a
          href="/tag/yazi"
        >
          Blog Yazısı
        </a>
        , 
        <a
          href="/tag/podcast"
        >
          Podcast
        </a>
      </footer>
    </article>
    <article
      class=""
    >
      <h2>
        <a
          class=""
          href="http://malachi.net"
          rel="noopener noreferrer"
          target="_blank"
        >
          Nesciunt asperiores animi itaque nesciunt ut optio aliquam mollitia aut. Dolores repellat nostrum eveniet. Molestiae perferendis sed cupiditate.
        </a>
      </h2>
      <footer>
        <a
          aria-hidden="true"
          class=""
          href="http://malachi.net"
          rel="noopener noreferrer"
          tabindex="-1"
          target="_blank"
        >
          5 months ago
        </a>
        , 
        <a
          class=""
          href="https://twitter.com/Devon_Kohler"
          rel="noopener noreferrer"
          target="_blank"
        >
          Devon_Kohler
        </a>
        , 
        <a
          href="/tag/yazilim"
        >
          Yazılım
        </a>
        , 
        <a
          href="/tag/tasarim"
        >
          Tasarım
        </a>
        , 
        <a
          href="/tag/alinti"
        >
          Alıntı
        </a>
        , 
        <a
          href="/tag/arac"
        >
          Araç
        </a>
        , 
        <a
          href="/tag/yazi"
        >
          Blog Yazısı
        </a>
      </footer>
    </article>
    <article
      class=""
    >
      <h2>
        <a
          class=""
          href="http://alexandrea.name"
          rel="noopener noreferrer"
          target="_blank"
        >
          Quam voluptatem beatae eum velit corporis. Unde at quasi enim sapiente distinctio quas aut et labore.
        </a>
      </h2>
      <footer>
        <a
          aria-hidden="true"
          class=""
          href="http://alexandrea.name"
          rel="noopener noreferrer"
          tabindex="-1"
          target="_blank"
        >
          8 months ago
        </a>
        , 
        <a
          class=""
          href="https://twitter.com/Vivian_Beier"
          rel="noopener noreferrer"
          target="_blank"
        >
          Vivian_Beier
        </a>
        , 
        <a
          href="/tag/arac"
        >
          Araç
        </a>
        , 
        <a
          href="/tag/alinti"
        >
          Alıntı
        </a>
        , 
        <a
          href="/tag/frontend"
        >
          Frontend
        </a>
        , 
        <a
          href="/tag/podcast"
        >
          Podcast
        </a>
        , 
        <a
          href="/tag/yazilim"
        >
          Yazılım
        </a>
      </footer>
    </article>
    <article
      class=""
    >
      <figure>
        <a
          aria-hidden="true"
          class=""
          href="https://demetrius.name"
          rel="noopener noreferrer"
          tabindex="-1"
          target="_blank"
        >
          <picture>
            <source
              srcset="http://lorempixel.com/913/512"
            />
            <img
              alt="Vel magni rerum ipsam facere velit voluptas doloribus doloremque."
              loading="lazy"
              src="data:image/png;base64,iVBORw0KGgoAAAANSUhEUgAAAAEAAAABCAAAAAA6fptVAAAACklEQVQYV2P4DwABAQEAWk1v8QAAAABJRU5ErkJggg=="
            />
          </picture>
        </a>
      </figure>
      <div>
        <header>
          <h2>
            <a
              class=""
              href="https://demetrius.name"
              rel="noopener noreferrer"
              target="_blank"
            >
              Vel magni rerum ipsam facere velit voluptas doloribus doloremque.
            </a>
          </h2>
          <p>
            Fuga perferendis autem odit. Et qui possimus aut excepturi ut porro ipsum. Illo esse repellendus voluptate et doloribus ad vel.
          </p>
        </header>
        <footer>
          <a
            aria-hidden="true"
            class=""
            href="https://demetrius.name"
            rel="noopener noreferrer"
            tabindex="-1"
            target="_blank"
          >
            2 months ago
          </a>
          , 
          <a
            class=""
            href="https://twitter.com/Dayana_Feest40"
            rel="noopener noreferrer"
            target="_blank"
          >
            Dayana_Feest40
          </a>
          , 
          <a
            href="/tag/video"
          >
            Video
          </a>
          , 
          <a
            href="/tag/turkce-kaynak"
          >
            Türkçe Kaynak
          </a>
        </footer>
      </div>
    </article>
    <article
      class=""
    >
      <h2>
        <a
          class=""
          href="http://mylene.name"
          rel="noopener noreferrer"
          target="_blank"
        >
          Velit eum magni voluptates eaque soluta aliquam eos porro. Et praesentium accusamus dolor dolorem ea voluptas a repellat et. Sapiente cupiditate magnam animi pariatur voluptatem quas sit. Accusantium et et officiis rerum et corporis. Id autem nam veniam voluptatem.
        </a>
      </h2>
      <footer>
        <a
          aria-hidden="true"
          class=""
          href="http://mylene.name"
          rel="noopener noreferrer"
          tabindex="-1"
          target="_blank"
        >
          12 days ago
        </a>
        , 
        <a
          class=""
          href="https://twitter.com/Cristina.Harvey"
          rel="noopener noreferrer"
          target="_blank"
        >
          Cristina.Harvey
        </a>
        , 
        <a
          href="/tag/alinti"
        >
          Alıntı
        </a>
        , 
        <a
          href="/tag/etkinlik"
        >
          Etkinlik
        </a>
        , 
        <a
          href="/tag/podcast"
        >
          Podcast
        </a>
        , 
        <a
          href="/tag/tasarim"
        >
          Tasarım
        </a>
      </footer>
    </article>
    <article
      class=""
    >
      <figure>
        <a
          aria-hidden="true"
          class=""
          href="http://thalia.net"
          rel="noopener noreferrer"
          tabindex="-1"
          target="_blank"
        >
          <picture>
            <source
              srcset="http://lorempixel.com/913/512"
            />
            <img
              alt="Dicta sunt sit rerum."
              loading="lazy"
              src="data:image/png;base64,iVBORw0KGgoAAAANSUhEUgAAAAEAAAABCAAAAAA6fptVAAAACklEQVQYV2P4DwABAQEAWk1v8QAAAABJRU5ErkJggg=="
            />
          </picture>
        </a>
      </figure>
      <div>
        <header>
          <h2>
            <a
              class=""
              href="http://thalia.net"
              rel="noopener noreferrer"
              target="_blank"
            >
              Dicta sunt sit rerum.
            </a>
          </h2>
          <p>
            Et aut vel provident voluptas itaque ad possimus eos quam. Nobis quas reiciendis consectetur suscipit quis quasi deleniti esse eos. Sunt nulla adipisci culpa tempore. Est et consequatur et magnam. Beatae atque et modi voluptatem. Omnis quia rerum nobis qui officia.
          </p>
        </header>
        <footer>
          <a
            aria-hidden="true"
            class=""
            href="http://thalia.net"
            rel="noopener noreferrer"
            tabindex="-1"
            target="_blank"
          >
            4 months ago
          </a>
          , 
          <a
            class=""
            href="https://twitter.com/Gunner94"
            rel="noopener noreferrer"
            target="_blank"
          >
            Gunner94
          </a>
          , 
          <a
            href="/tag/arac"
          >
            Araç
          </a>
          , 
          <a
            href="/tag/yazilim"
          >
            Yazılım
          </a>
        </footer>
      </div>
    </article>
    <article
      class=""
    >
      <figure>
        <a
          aria-hidden="true"
          class=""
          href="http://taryn.com"
          rel="noopener noreferrer"
          tabindex="-1"
          target="_blank"
        >
          <picture>
            <source
              srcset="http://lorempixel.com/913/512"
            />
            <img
              alt="Et vel et repellendus voluptatem molestiae explicabo quos minus."
              loading="lazy"
              src="data:image/png;base64,iVBORw0KGgoAAAANSUhEUgAAAAEAAAABCAAAAAA6fptVAAAACklEQVQYV2P4DwABAQEAWk1v8QAAAABJRU5ErkJggg=="
            />
          </picture>
        </a>
      </figure>
      <div>
        <header>
          <h2>
            <a
              class=""
              href="http://taryn.com"
              rel="noopener noreferrer"
              target="_blank"
            >
              Et vel et repellendus voluptatem molestiae explicabo quos minus.
            </a>
          </h2>
          <p>
            Quos eveniet quibusdam amet velit reprehenderit vel repellendus. Velit molestiae blanditiis quasi. Autem dolorum aspernatur qui non qui placeat maxime.
          </p>
        </header>
        <footer>
          <a
            aria-hidden="true"
            class=""
            href="http://taryn.com"
            rel="noopener noreferrer"
            tabindex="-1"
            target="_blank"
          >
            10 months ago
          </a>
          , 
          <a
            class=""
            href="https://twitter.com/Zita.Lehner"
            rel="noopener noreferrer"
            target="_blank"
          >
            Zita.Lehner
          </a>
          , 
          <a
            href="/tag/video"
          >
            Video
          </a>
          , 
          <a
            href="/tag/tasarim"
          >
            Tasarım
          </a>
          , 
          <a
            href="/tag/turkce-kaynak"
          >
            Türkçe Kaynak
          </a>
          , 
          <a
            href="/tag/yazilim"
          >
            Yazılım
          </a>
          , 
          <a
            href="/tag/arac"
          >
            Araç
          </a>
        </footer>
      </div>
    </article>
    <article
      class=""
    >
      <figure>
        <a
          aria-hidden="true"
          class=""
          href="https://sophie.biz"
          rel="noopener noreferrer"
          tabindex="-1"
          target="_blank"
        >
          <picture>
            <source
              srcset="http://lorempixel.com/913/512"
            />
            <img
              alt="Molestiae et rerum laudantium aspernatur voluptatibus quas deleniti."
              loading="lazy"
              src="data:image/png;base64,iVBORw0KGgoAAAANSUhEUgAAAAEAAAABCAAAAAA6fptVAAAACklEQVQYV2P4DwABAQEAWk1v8QAAAABJRU5ErkJggg=="
            />
          </picture>
        </a>
      </figure>
      <div>
        <header>
          <h2>
            <a
              class=""
              href="https://sophie.biz"
              rel="noopener noreferrer"
              target="_blank"
            >
              Molestiae et rerum laudantium aspernatur voluptatibus quas deleniti.
            </a>
          </h2>
          <p>
            Ab et minus magni dolor suscipit. Molestiae qui nemo non ad. Est ex commodi.
          </p>
        </header>
        <footer>
          <a
            aria-hidden="true"
            class=""
            href="https://sophie.biz"
            rel="noopener noreferrer"
            tabindex="-1"
            target="_blank"
          >
            2 months ago
          </a>
          , 
          <a
            class=""
            href="https://twitter.com/Jo.Gislason47"
            rel="noopener noreferrer"
            target="_blank"
          >
            Jo.Gislason47
          </a>
          , 
          <a
            href="/tag/arac"
          >
            Araç
          </a>
          , 
          <a
            href="/tag/video"
          >
            Video
          </a>
          , 
          <a
            href="/tag/yazilim"
          >
            Yazılım
          </a>
        </footer>
      </div>
    </article>
    <article
      class=""
    >
      <h2>
        <a
          class=""
          href="http://kathleen.biz"
          rel="noopener noreferrer"
          target="_blank"
        >
          Voluptas eius illum iste. Esse ut quis vero ea. Fugit deleniti eligendi sunt facere culpa animi libero quae voluptatibus. Nisi sunt praesentium neque. Provident rem asperiores nam animi unde aut. Dolorem inventore commodi est repellendus est cupiditate saepe porro omnis.
        </a>
      </h2>
      <footer>
        <a
          aria-hidden="true"
          class=""
          href="http://kathleen.biz"
          rel="noopener noreferrer"
          tabindex="-1"
          target="_blank"
        >
          11 months ago
        </a>
        , 
        <a
          class=""
          href="https://twitter.com/Novella60"
          rel="noopener noreferrer"
          target="_blank"
        >
          Novella60
        </a>
        , 
        <a
          href="/tag/turkce-kaynak"
        >
          Türkçe Kaynak
        </a>
        , 
        <a
          href="/tag/tasarim"
        >
          Tasarım
        </a>
        , 
        <a
          href="/tag/alinti"
        >
          Alıntı
        </a>
        , 
        <a
          href="/tag/video"
        >
          Video
        </a>
      </footer>
    </article>
    <article
      class=""
    >
      <h2>
        <a
          class=""
          href="http://ara.biz"
          rel="noopener noreferrer"
          target="_blank"
        >
          Sint dicta accusamus sed voluptatem eum voluptatibus. Incidunt repudiandae sed explicabo in deserunt esse.
        </a>
      </h2>
      <footer>
        <a
          aria-hidden="true"
          class=""
          href="http://ara.biz"
          rel="noopener noreferrer"
          tabindex="-1"
          target="_blank"
        >
          9 months ago
        </a>
        , 
        <a
          class=""
          href="https://twitter.com/Eduardo5"
          rel="noopener noreferrer"
          target="_blank"
        >
          Eduardo5
        </a>
        , 
        <a
          href="/tag/podcast"
        >
          Podcast
        </a>
        , 
        <a
          href="/tag/etkinlik"
        >
          Etkinlik
        </a>
        , 
        <a
          href="/tag/video"
        >
          Video
        </a>
        , 
        <a
          href="/tag/frontend"
        >
          Frontend
        </a>
        , 
        <a
          href="/tag/alinti"
        >
          Alıntı
        </a>
        , 
        <a
          href="/tag/turkce-kaynak"
        >
          Türkçe Kaynak
        </a>
      </footer>
    </article>
    <article
      class=""
    >
      <h2>
        <a
          class=""
          href="https://tessie.name"
          rel="noopener noreferrer"
          target="_blank"
        >
          Libero dignissimos illum veniam nam nam aut sint quasi. Est occaecati vero consequuntur. Quaerat eveniet fuga nihil. Similique odit similique consequatur dolorem. Ipsam mollitia quia libero distinctio qui quo perferendis possimus quia.
        </a>
      </h2>
      <footer>
        <a
          aria-hidden="true"
          class=""
          href="https://tessie.name"
          rel="noopener noreferrer"
          tabindex="-1"
          target="_blank"
        >
          6 months ago
        </a>
        , 
        <a
          class=""
          href="https://twitter.com/Ashly.Conroy22"
          rel="noopener noreferrer"
          target="_blank"
        >
          Ashly.Conroy22
        </a>
        , 
        <a
          href="/tag/alinti"
        >
          Alıntı
        </a>
        , 
        <a
          href="/tag/arac"
        >
          Araç
        </a>
        , 
        <a
          href="/tag/podcast"
        >
          Podcast
        </a>
        , 
        <a
          href="/tag/video"
        >
          Video
        </a>
        , 
        <a
          href="/tag/tasarim"
        >
          Tasarım
        </a>
        , 
        <a
          href="/tag/yazilim"
        >
          Yazılım
        </a>
      </footer>
    </article>
    <article
      class=""
    >
      <h2>
        <a
          class=""
          href="http://lafayette.biz"
          rel="noopener noreferrer"
          target="_blank"
        >
          Expedita fuga voluptatum expedita iusto officiis voluptas et. Animi voluptatem reprehenderit quisquam explicabo unde consequatur. Quibusdam dolorum temporibus illum id itaque distinctio. Qui in iusto id aperiam.
        </a>
      </h2>
      <footer>
        <a
          aria-hidden="true"
          class=""
          href="http://lafayette.biz"
          rel="noopener noreferrer"
          tabindex="-1"
          target="_blank"
        >
          1 month ago
        </a>
        , 
        <a
          class=""
          href="https://twitter.com/Pasquale79"
          rel="noopener noreferrer"
          target="_blank"
        >
          Pasquale79
        </a>
        , 
        <a
          href="/tag/tasarim"
        >
          Tasarım
        </a>
        , 
        <a
          href="/tag/alinti"
        >
          Alıntı
        </a>
        , 
        <a
          href="/tag/yazi"
        >
          Blog Yazısı
        </a>
      </footer>
    </article>
    <article
      class=""
    >
      <figure>
        <a
          aria-hidden="true"
          class=""
          href="https://richie.org"
          rel="noopener noreferrer"
          tabindex="-1"
          target="_blank"
        >
          <picture>
            <source
              srcset="http://lorempixel.com/913/512"
            />
            <img
              alt="Asperiores unde quidem nesciunt voluptatum consequatur."
              loading="lazy"
              src="data:image/png;base64,iVBORw0KGgoAAAANSUhEUgAAAAEAAAABCAAAAAA6fptVAAAACklEQVQYV2P4DwABAQEAWk1v8QAAAABJRU5ErkJggg=="
            />
          </picture>
        </a>
      </figure>
      <div>
        <header>
          <h2>
            <a
              class=""
              href="https://richie.org"
              rel="noopener noreferrer"
              target="_blank"
            >
              Asperiores unde quidem nesciunt voluptatum consequatur.
            </a>
          </h2>
          <p>
            Dolorem necessitatibus culpa et voluptas ipsum quis. Quis magni dolores maxime ut sit tempore.
          </p>
        </header>
        <footer>
          <a
            aria-hidden="true"
            class=""
            href="https://richie.org"
            rel="noopener noreferrer"
            tabindex="-1"
            target="_blank"
          >
            7 months ago
          </a>
          , 
          <a
            class=""
            href="https://twitter.com/Vernice53"
            rel="noopener noreferrer"
            target="_blank"
          >
            Vernice53
          </a>
          , 
          <a
            href="/tag/podcast"
          >
            Podcast
          </a>
          , 
          <a
            href="/tag/turkce-kaynak"
          >
            Türkçe Kaynak
          </a>
          , 
          <a
            href="/tag/arac"
          >
            Araç
          </a>
          , 
          <a
            href="/tag/etkinlik"
          >
            Etkinlik
          </a>
          , 
          <a
            href="/tag/yazi"
          >
            Blog Yazısı
          </a>
          , 
          <a
            href="/tag/tasarim"
          >
            Tasarım
          </a>
        </footer>
      </div>
    </article>
    <article
      class=""
    >
      <h2>
        <a
          class=""
          href="https://hadley.org"
          rel="noopener noreferrer"
          target="_blank"
        >
          Veritatis reprehenderit doloribus rem officiis. Vel quia voluptate quidem et velit nihil. Libero dolores possimus non earum dignissimos. Vel commodi aut unde similique velit consequatur et earum consequatur. Ut repudiandae animi ipsam nisi deserunt repudiandae.
        </a>
      </h2>
      <footer>
        <a
          aria-hidden="true"
          class=""
          href="https://hadley.org"
          rel="noopener noreferrer"
          tabindex="-1"
          target="_blank"
        >
          1 month ago
        </a>
        , 
        <a
          class=""
          href="https://twitter.com/Emmanuel.Wisoky"
          rel="noopener noreferrer"
          target="_blank"
        >
          Emmanuel.Wisoky
        </a>
        , 
        <a
          href="/tag/alinti"
        >
          Alıntı
        </a>
        , 
        <a
          href="/tag/arac"
        >
          Araç
        </a>
        , 
        <a
          href="/tag/tasarim"
        >
          Tasarım
        </a>
        , 
        <a
          href="/tag/yazi"
        >
          Blog Yazısı
        </a>
        , 
        <a
          href="/tag/yazilim"
        >
          Yazılım
        </a>
        , 
        <a
          href="/tag/frontend"
        >
          Frontend
        </a>
      </footer>
    </article>
    <article
      class=""
    >
      <figure>
        <a
          aria-hidden="true"
          class=""
          href="https://jordon.org"
          rel="noopener noreferrer"
          tabindex="-1"
          target="_blank"
        >
          <picture>
            <source
              srcset="http://lorempixel.com/913/512"
            />
            <img
              alt="Maxime laudantium facilis qui possimus ea enim et aperiam."
              loading="lazy"
              src="data:image/png;base64,iVBORw0KGgoAAAANSUhEUgAAAAEAAAABCAAAAAA6fptVAAAACklEQVQYV2P4DwABAQEAWk1v8QAAAABJRU5ErkJggg=="
            />
          </picture>
        </a>
      </figure>
      <div>
        <header>
          <h2>
            <a
              class=""
              href="https://jordon.org"
              rel="noopener noreferrer"
              target="_blank"
            >
              Maxime laudantium facilis qui possimus ea enim et aperiam.
            </a>
          </h2>
          <p>
            Beatae tempore quidem fuga deserunt. Libero aut incidunt placeat magnam at voluptatem nihil et. Impedit consequuntur aliquam. Sapiente unde voluptatum praesentium unde non amet. Ut laborum vel quaerat.
          </p>
        </header>
        <footer>
          <a
            aria-hidden="true"
            class=""
            href="https://jordon.org"
            rel="noopener noreferrer"
            tabindex="-1"
            target="_blank"
          >
            4 months ago
          </a>
          , 
          <a
            class=""
            href="https://twitter.com/Myrtle84"
            rel="noopener noreferrer"
            target="_blank"
          >
            Myrtle84
          </a>
          , 
          <a
            href="/tag/frontend"
          >
            Frontend
          </a>
          , 
          <a
            href="/tag/podcast"
          >
            Podcast
          </a>
          , 
          <a
            href="/tag/arac"
          >
            Araç
          </a>
          , 
          <a
            href="/tag/etkinlik"
          >
            Etkinlik
          </a>
        </footer>
      </div>
    </article>
    <article
      class=""
    >
      <h2>
        <a
          class=""
          href="https://corene.net"
          rel="noopener noreferrer"
          target="_blank"
        >
          Accusantium enim velit provident ullam modi perferendis accusamus temporibus. Tempore consectetur dolore nihil veritatis reprehenderit ut. Odit perspiciatis ad eos ab sequi minus est nobis et. Ullam natus ut et dolor et. Recusandae ipsa vel. Maxime harum quod.
        </a>
      </h2>
      <footer>
        <a
          aria-hidden="true"
          class=""
          href="https://corene.net"
          rel="noopener noreferrer"
          tabindex="-1"
          target="_blank"
        >
          1 month ago
        </a>
        , 
        <a
          class=""
          href="https://twitter.com/Haskell64"
          rel="noopener noreferrer"
          target="_blank"
        >
          Haskell64
        </a>
        , 
        <a
          href="/tag/alinti"
        >
          Alıntı
        </a>
        , 
        <a
          href="/tag/arac"
        >
          Araç
        </a>
        , 
        <a
          href="/tag/video"
        >
          Video
        </a>
        , 
        <a
          href="/tag/frontend"
        >
          Frontend
        </a>
      </footer>
    </article>
    <article
      class=""
    >
      <figure>
        <a
          aria-hidden="true"
          class=""
          href="http://keyon.net"
          rel="noopener noreferrer"
          tabindex="-1"
          target="_blank"
        >
          <picture>
            <source
              srcset="http://lorempixel.com/913/512"
            />
            <img
              alt="Illo porro voluptatem rem qui."
              loading="lazy"
              src="data:image/png;base64,iVBORw0KGgoAAAANSUhEUgAAAAEAAAABCAAAAAA6fptVAAAACklEQVQYV2P4DwABAQEAWk1v8QAAAABJRU5ErkJggg=="
            />
          </picture>
        </a>
      </figure>
      <div>
        <header>
          <h2>
            <a
              class=""
              href="http://keyon.net"
              rel="noopener noreferrer"
              target="_blank"
            >
              Illo porro voluptatem rem qui.
            </a>
          </h2>
          <p>
            Quos rerum culpa sapiente. Laboriosam tempora ea et nam.
          </p>
        </header>
        <footer>
          <a
            aria-hidden="true"
            class=""
            href="http://keyon.net"
            rel="noopener noreferrer"
            tabindex="-1"
            target="_blank"
          >
            28 days ago
          </a>
          , 
          <a
            class=""
            href="https://twitter.com/Jarrell_Lesch23"
            rel="noopener noreferrer"
            target="_blank"
          >
            Jarrell_Lesch23
          </a>
          , 
          <a
            href="/tag/podcast"
          >
            Podcast
          </a>
        </footer>
      </div>
    </article>
    <article
      class=""
    >
      <figure>
        <a
          aria-hidden="true"
          class=""
          href="http://stephania.biz"
          rel="noopener noreferrer"
          tabindex="-1"
          target="_blank"
        >
          <picture>
            <source
              srcset="http://lorempixel.com/913/512"
            />
            <img
              alt="Et earum accusantium tempore."
              loading="lazy"
              src="data:image/png;base64,iVBORw0KGgoAAAANSUhEUgAAAAEAAAABCAAAAAA6fptVAAAACklEQVQYV2P4DwABAQEAWk1v8QAAAABJRU5ErkJggg=="
            />
          </picture>
        </a>
      </figure>
      <div>
        <header>
          <h2>
            <a
              class=""
              href="http://stephania.biz"
              rel="noopener noreferrer"
              target="_blank"
            >
              Et earum accusantium tempore.
            </a>
          </h2>
          <p>
            Hic ut laborum ipsam ut nam sapiente numquam officiis. Rerum rem molestias odit commodi minus dolorem quo ab. Voluptas dolorem veritatis natus eos. Porro occaecati animi voluptate sit eum omnis consequuntur. Quo quos consequatur omnis enim qui eos veritatis assumenda velit.
          </p>
        </header>
        <footer>
          <a
            aria-hidden="true"
            class=""
            href="http://stephania.biz"
            rel="noopener noreferrer"
            tabindex="-1"
            target="_blank"
          >
            5 months ago
          </a>
          , 
          <a
            class=""
            href="https://twitter.com/Brandt22"
            rel="noopener noreferrer"
            target="_blank"
          >
            Brandt22
          </a>
          , 
          <a
            href="/tag/tasarim"
          >
            Tasarım
          </a>
        </footer>
      </div>
    </article>
    <article
      class=""
    >
      <figure>
        <a
          aria-hidden="true"
          class=""
          href="http://lenore.net"
          rel="noopener noreferrer"
          tabindex="-1"
          target="_blank"
        >
          <picture>
            <source
              srcset="http://lorempixel.com/913/512"
            />
            <img
              alt="Sed voluptas porro ut facilis."
              loading="lazy"
              src="data:image/png;base64,iVBORw0KGgoAAAANSUhEUgAAAAEAAAABCAAAAAA6fptVAAAACklEQVQYV2P4DwABAQEAWk1v8QAAAABJRU5ErkJggg=="
            />
          </picture>
        </a>
      </figure>
      <div>
        <header>
          <h2>
            <a
              class=""
              href="http://lenore.net"
              rel="noopener noreferrer"
              target="_blank"
            >
              Sed voluptas porro ut facilis.
            </a>
          </h2>
          <p>
            Qui quos eaque illo. Aliquam modi repellat tempora delectus et non maiores omnis soluta. Illo doloremque ut voluptatem. Minima aut voluptatibus quis dicta. Et modi earum.
          </p>
        </header>
        <footer>
          <a
            aria-hidden="true"
            class=""
            href="http://lenore.net"
            rel="noopener noreferrer"
            tabindex="-1"
            target="_blank"
          >
            6 months ago
          </a>
          , 
          <a
            class=""
            href="https://twitter.com/Paul69"
            rel="noopener noreferrer"
            target="_blank"
          >
            Paul69
          </a>
          , 
          <a
            href="/tag/etkinlik"
          >
            Etkinlik
          </a>
          , 
          <a
            href="/tag/yazi"
          >
            Blog Yazısı
          </a>
          , 
          <a
            href="/tag/video"
          >
            Video
          </a>
          , 
          <a
            href="/tag/turkce-kaynak"
          >
            Türkçe Kaynak
          </a>
        </footer>
      </div>
    </article>
    <article
      class=""
    >
      <figure>
        <a
          aria-hidden="true"
          class=""
          href="http://kris.name"
          rel="noopener noreferrer"
          tabindex="-1"
          target="_blank"
        >
          <picture>
            <source
              srcset="http://lorempixel.com/913/512"
            />
            <img
              alt="Voluptatem eos molestias quo ea id et."
              loading="lazy"
              src="data:image/png;base64,iVBORw0KGgoAAAANSUhEUgAAAAEAAAABCAAAAAA6fptVAAAACklEQVQYV2P4DwABAQEAWk1v8QAAAABJRU5ErkJggg=="
            />
          </picture>
        </a>
      </figure>
      <div>
        <header>
          <h2>
            <a
              class=""
              href="http://kris.name"
              rel="noopener noreferrer"
              target="_blank"
            >
              Voluptatem eos molestias quo ea id et.
            </a>
          </h2>
          <p>
            Quos omnis quod dolore iusto voluptatem voluptas. Ducimus porro harum quia aspernatur. Voluptatem adipisci vitae.
          </p>
        </header>
        <footer>
          <a
            aria-hidden="true"
            class=""
            href="http://kris.name"
            rel="noopener noreferrer"
            tabindex="-1"
            target="_blank"
          >
            2 months ago
          </a>
          , 
          <a
            class=""
            href="https://twitter.com/Diego.Hettinger36"
            rel="noopener noreferrer"
            target="_blank"
          >
            Diego.Hettinger36
          </a>
          , 
          <a
            href="/tag/etkinlik"
          >
            Etkinlik
          </a>
          , 
          <a
            href="/tag/arac"
          >
            Araç
          </a>
          , 
          <a
            href="/tag/yazilim"
          >
            Yazılım
          </a>
        </footer>
      </div>
    </article>
    <article
      class=""
    >
      <figure>
        <a
          aria-hidden="true"
          class=""
          href="https://rowena.org"
          rel="noopener noreferrer"
          tabindex="-1"
          target="_blank"
        >
          <picture>
            <source
              srcset="http://lorempixel.com/913/512"
            />
            <img
              alt="Suscipit explicabo nihil laudantium quasi id ratione itaque et omnis."
              loading="lazy"
              src="data:image/png;base64,iVBORw0KGgoAAAANSUhEUgAAAAEAAAABCAAAAAA6fptVAAAACklEQVQYV2P4DwABAQEAWk1v8QAAAABJRU5ErkJggg=="
            />
          </picture>
        </a>
      </figure>
      <div>
        <header>
          <h2>
            <a
              class=""
              href="https://rowena.org"
              rel="noopener noreferrer"
              target="_blank"
            >
              Suscipit explicabo nihil laudantium quasi id ratione itaque et omnis.
            </a>
          </h2>
          <p>
            Consequatur natus reiciendis sunt provident. Quo alias aut ea.
          </p>
        </header>
        <footer>
          <a
            aria-hidden="true"
            class=""
            href="https://rowena.org"
            rel="noopener noreferrer"
            tabindex="-1"
            target="_blank"
          >
            1 month ago
          </a>
          , 
          <a
            class=""
            href="https://twitter.com/Emmet16"
            rel="noopener noreferrer"
            target="_blank"
          >
            Emmet16
          </a>
        </footer>
      </div>
    </article>
    <article
      class=""
    >
      <figure>
        <a
          aria-hidden="true"
          class=""
          href="https://meagan.biz"
          rel="noopener noreferrer"
          tabindex="-1"
          target="_blank"
        >
          <picture>
            <source
              srcset="http://lorempixel.com/913/512"
            />
            <img
              alt="Cupiditate soluta consectetur aspernatur molestiae labore quos expedita doloribus voluptas."
              loading="lazy"
              src="data:image/png;base64,iVBORw0KGgoAAAANSUhEUgAAAAEAAAABCAAAAAA6fptVAAAACklEQVQYV2P4DwABAQEAWk1v8QAAAABJRU5ErkJggg=="
            />
          </picture>
        </a>
      </figure>
      <div>
        <header>
          <h2>
            <a
              class=""
              href="https://meagan.biz"
              rel="noopener noreferrer"
              target="_blank"
            >
              Cupiditate soluta consectetur aspernatur molestiae labore quos expedita doloribus voluptas.
            </a>
          </h2>
          <p>
            Nemo corporis veniam. Repudiandae voluptate ipsam facilis doloribus et.
          </p>
        </header>
        <footer>
          <a
            aria-hidden="true"
            class=""
            href="https://meagan.biz"
            rel="noopener noreferrer"
            tabindex="-1"
            target="_blank"
          >
            4 months ago
          </a>
          , 
          <a
            class=""
            href="https://twitter.com/Jarred93"
            rel="noopener noreferrer"
            target="_blank"
          >
            Jarred93
          </a>
          , 
          <a
            href="/tag/etkinlik"
          >
            Etkinlik
          </a>
          , 
          <a
            href="/tag/video"
          >
            Video
          </a>
          , 
          <a
            href="/tag/frontend"
          >
            Frontend
          </a>
          , 
          <a
            href="/tag/podcast"
          >
            Podcast
          </a>
        </footer>
      </div>
    </article>
    <article
      class=""
    >
      <figure>
        <a
          aria-hidden="true"
          class=""
          href="https://taya.net"
          rel="noopener noreferrer"
          tabindex="-1"
          target="_blank"
        >
          <picture>
            <source
              srcset="http://lorempixel.com/913/512"
            />
            <img
              alt="Earum qui soluta eligendi eos."
              loading="lazy"
              src="data:image/png;base64,iVBORw0KGgoAAAANSUhEUgAAAAEAAAABCAAAAAA6fptVAAAACklEQVQYV2P4DwABAQEAWk1v8QAAAABJRU5ErkJggg=="
            />
          </picture>
        </a>
      </figure>
      <div>
        <header>
          <h2>
            <a
              class=""
              href="https://taya.net"
              rel="noopener noreferrer"
              target="_blank"
            >
              Earum qui soluta eligendi eos.
            </a>
          </h2>
          <p>
            Voluptatem a tenetur voluptas quis. Optio dolorem in illum. Autem enim aut quis consequatur rerum nesciunt. Neque doloribus id vitae maxime accusamus. Quasi nemo nemo maiores aut ullam voluptatum possimus.
          </p>
        </header>
        <footer>
          <a
            aria-hidden="true"
            class=""
            href="https://taya.net"
            rel="noopener noreferrer"
            tabindex="-1"
            target="_blank"
          >
            5 months ago
          </a>
          , 
          <a
            class=""
            href="https://twitter.com/Margarette.Effertz70"
            rel="noopener noreferrer"
            target="_blank"
          >
            Margarette.Effertz70
          </a>
          , 
          <a
            href="/tag/frontend"
          >
            Frontend
          </a>
        </footer>
      </div>
    </article>
    <article
      class=""
    >
      <h2>
        <a
          class=""
          href="http://ila.info"
          rel="noopener noreferrer"
          target="_blank"
        >
          Vel dolore in saepe libero et quibusdam saepe. In adipisci vel deleniti aliquam dolores inventore beatae. Laborum illum sunt voluptas enim voluptates. Suscipit quo ipsam nihil dolores molestiae sint et sit non. Ut nesciunt qui est ad.
        </a>
      </h2>
      <footer>
        <a
          aria-hidden="true"
          class=""
          href="http://ila.info"
          rel="noopener noreferrer"
          tabindex="-1"
          target="_blank"
        >
          10 days ago
        </a>
        , 
        <a
          class=""
          href="https://twitter.com/Delmer78"
          rel="noopener noreferrer"
          target="_blank"
        >
          Delmer78
        </a>
        , 
        <a
          href="/tag/yazi"
        >
          Blog Yazısı
        </a>
        , 
        <a
          href="/tag/alinti"
        >
          Alıntı
        </a>
        , 
        <a
          href="/tag/etkinlik"
        >
          Etkinlik
        </a>
        , 
        <a
          href="/tag/podcast"
        >
          Podcast
        </a>
        , 
        <a
          href="/tag/tasarim"
        >
          Tasarım
        </a>
      </footer>
    </article>
    <article
      class=""
    >
      <figure>
        <a
          aria-hidden="true"
          class=""
          href="http://gail.com"
          rel="noopener noreferrer"
          tabindex="-1"
          target="_blank"
        >
          <picture>
            <source
              srcset="http://lorempixel.com/913/512"
            />
            <img
              alt="Eos quos vel eum."
              loading="lazy"
              src="data:image/png;base64,iVBORw0KGgoAAAANSUhEUgAAAAEAAAABCAAAAAA6fptVAAAACklEQVQYV2P4DwABAQEAWk1v8QAAAABJRU5ErkJggg=="
            />
          </picture>
        </a>
      </figure>
      <div>
        <header>
          <h2>
            <a
              class=""
              href="http://gail.com"
              rel="noopener noreferrer"
              target="_blank"
            >
              Eos quos vel eum.
            </a>
          </h2>
          <p>
            Ipsum illo qui doloribus tenetur. Aut modi voluptate dolores est quam porro. Aspernatur dolores eveniet officia.
          </p>
        </header>
        <footer>
          <a
            aria-hidden="true"
            class=""
            href="http://gail.com"
            rel="noopener noreferrer"
            tabindex="-1"
            target="_blank"
          >
            8 months ago
          </a>
          , 
          <a
            class=""
            href="https://twitter.com/Hattie.Gibson"
            rel="noopener noreferrer"
            target="_blank"
          >
            Hattie.Gibson
          </a>
          , 
          <a
            href="/tag/yazilim"
          >
            Yazılım
          </a>
        </footer>
      </div>
    </article>
    <article
      class=""
    >
      <h2>
        <a
          class=""
          href="http://dangelo.name"
          rel="noopener noreferrer"
          target="_blank"
        >
          Iure aut repellendus eum ut laborum fugiat. Voluptas illum et sed et. A qui natus porro molestias. Qui esse et deserunt consequatur et quibusdam cupiditate sed. Magni nam eum eius quae quibusdam et soluta aperiam iusto.
        </a>
      </h2>
      <footer>
        <a
          aria-hidden="true"
          class=""
          href="http://dangelo.name"
          rel="noopener noreferrer"
          tabindex="-1"
          target="_blank"
        >
          2 months ago
        </a>
        , 
        <a
          class=""
          href="https://twitter.com/Frankie.Herman15"
          rel="noopener noreferrer"
          target="_blank"
        >
          Frankie.Herman15
        </a>
        , 
        <a
          href="/tag/podcast"
        >
          Podcast
        </a>
        , 
        <a
          href="/tag/video"
        >
          Video
        </a>
        , 
        <a
          href="/tag/frontend"
        >
          Frontend
        </a>
        , 
        <a
          href="/tag/yazilim"
        >
          Yazılım
        </a>
        , 
        <a
          href="/tag/alinti"
        >
          Alıntı
        </a>
        , 
        <a
          href="/tag/arac"
        >
          Araç
        </a>
      </footer>
    </article>
    <article
      class=""
    >
      <figure>
        <a
          aria-hidden="true"
          class=""
          href="http://antonia.name"
          rel="noopener noreferrer"
          tabindex="-1"
          target="_blank"
        >
          <picture>
            <source
              srcset="http://lorempixel.com/913/512"
            />
            <img
              alt="Voluptatem dolores vel est laudantium inventore."
              loading="lazy"
              src="data:image/png;base64,iVBORw0KGgoAAAANSUhEUgAAAAEAAAABCAAAAAA6fptVAAAACklEQVQYV2P4DwABAQEAWk1v8QAAAABJRU5ErkJggg=="
            />
          </picture>
        </a>
      </figure>
      <div>
        <header>
          <h2>
            <a
              class=""
              href="http://antonia.name"
              rel="noopener noreferrer"
              target="_blank"
            >
              Voluptatem dolores vel est laudantium inventore.
            </a>
          </h2>
          <p>
            Eveniet reiciendis repudiandae delectus amet nihil fugiat sit voluptatem minus. Accusantium aut perspiciatis porro corporis sapiente.
          </p>
        </header>
        <footer>
          <a
            aria-hidden="true"
            class=""
            href="http://antonia.name"
            rel="noopener noreferrer"
            tabindex="-1"
            target="_blank"
          >
            6 months ago
          </a>
          , 
          <a
            class=""
            href="https://twitter.com/Jeremie.Kuhn30"
            rel="noopener noreferrer"
            target="_blank"
          >
            Jeremie.Kuhn30
          </a>
          , 
          <a
            href="/tag/video"
          >
            Video
          </a>
        </footer>
      </div>
    </article>
    <article
      class=""
    >
      <figure>
        <a
          aria-hidden="true"
          class=""
          href="http://kasey.info"
          rel="noopener noreferrer"
          tabindex="-1"
          target="_blank"
        >
          <picture>
            <source
              srcset="http://lorempixel.com/913/512"
            />
            <img
              alt="Ad numquam occaecati."
              loading="lazy"
              src="data:image/png;base64,iVBORw0KGgoAAAANSUhEUgAAAAEAAAABCAAAAAA6fptVAAAACklEQVQYV2P4DwABAQEAWk1v8QAAAABJRU5ErkJggg=="
            />
          </picture>
        </a>
      </figure>
      <div>
        <header>
          <h2>
            <a
              class=""
              href="http://kasey.info"
              rel="noopener noreferrer"
              target="_blank"
            >
              Ad numquam occaecati.
            </a>
          </h2>
          <p>
            Tenetur eos praesentium laudantium impedit asperiores exercitationem dolorem fugit dolore. Culpa dolor hic ut sit nam facilis veniam. Earum consequatur dolores minima quis fuga illum. Maxime distinctio sit modi. Animi natus quis optio dolorem earum non ipsa dignissimos. Possimus est corporis ea et rerum quidem.
          </p>
        </header>
        <footer>
          <a
            aria-hidden="true"
            class=""
            href="http://kasey.info"
            rel="noopener noreferrer"
            tabindex="-1"
            target="_blank"
          >
            4 months ago
          </a>
          , 
          <a
            class=""
            href="https://twitter.com/Emie_Crona"
            rel="noopener noreferrer"
            target="_blank"
          >
            Emie_Crona
          </a>
          , 
          <a
            href="/tag/etkinlik"
          >
            Etkinlik
          </a>
          , 
          <a
            href="/tag/yazilim"
          >
            Yazılım
          </a>
          , 
          <a
            href="/tag/frontend"
          >
            Frontend
          </a>
          , 
          <a
            href="/tag/tasarim"
          >
            Tasarım
          </a>
        </footer>
      </div>
    </article>
    <article
      class=""
    >
      <figure>
        <a
          aria-hidden="true"
          class=""
          href="http://maxime.org"
          rel="noopener noreferrer"
          tabindex="-1"
          target="_blank"
        >
          <picture>
            <source
              srcset="http://lorempixel.com/913/512"
            />
            <img
              alt="Nulla sequi unde."
              loading="lazy"
              src="data:image/png;base64,iVBORw0KGgoAAAANSUhEUgAAAAEAAAABCAAAAAA6fptVAAAACklEQVQYV2P4DwABAQEAWk1v8QAAAABJRU5ErkJggg=="
            />
          </picture>
        </a>
      </figure>
      <div>
        <header>
          <h2>
            <a
              class=""
              href="http://maxime.org"
              rel="noopener noreferrer"
              target="_blank"
            >
              Nulla sequi unde.
            </a>
          </h2>
          <p>
            Nostrum quia porro occaecati repellat id dolores eos et reprehenderit. Autem sint perferendis qui dolorem minima incidunt omnis. Delectus quae adipisci et nihil pariatur. Voluptatem vel ex et et dignissimos sunt facere placeat.
          </p>
        </header>
        <footer>
          <a
            aria-hidden="true"
            class=""
            href="http://maxime.org"
            rel="noopener noreferrer"
            tabindex="-1"
            target="_blank"
          >
            4 months ago
          </a>
          , 
          <a
            class=""
            href="https://twitter.com/Anjali90"
            rel="noopener noreferrer"
            target="_blank"
          >
            Anjali90
          </a>
          , 
          <a
            href="/tag/yazi"
          >
            Blog Yazısı
          </a>
        </footer>
      </div>
    </article>
    <article
      class=""
    >
      <figure>
        <a
          aria-hidden="true"
          class=""
          href="http://kassandra.info"
          rel="noopener noreferrer"
          tabindex="-1"
          target="_blank"
        >
          <picture>
            <source
              srcset="http://lorempixel.com/913/512"
            />
            <img
              alt="Maiores ut ut laboriosam adipisci quidem aliquam magni eaque."
              loading="lazy"
              src="data:image/png;base64,iVBORw0KGgoAAAANSUhEUgAAAAEAAAABCAAAAAA6fptVAAAACklEQVQYV2P4DwABAQEAWk1v8QAAAABJRU5ErkJggg=="
            />
          </picture>
        </a>
      </figure>
      <div>
        <header>
          <h2>
            <a
              class=""
              href="http://kassandra.info"
              rel="noopener noreferrer"
              target="_blank"
            >
              Maiores ut ut laboriosam adipisci quidem aliquam magni eaque.
            </a>
          </h2>
          <p>
            Quos dolore voluptate amet aperiam. Quis facilis aut. Et asperiores doloribus dolores at est voluptas et sint. Officiis velit debitis officia sed. Dolorum vel sunt natus ea reprehenderit perspiciatis animi soluta ipsam. Est mollitia veritatis.
          </p>
        </header>
        <footer>
          <a
            aria-hidden="true"
            class=""
            href="http://kassandra.info"
            rel="noopener noreferrer"
            tabindex="-1"
            target="_blank"
          >
            1 day ago
          </a>
          , 
          <a
            class=""
            href="https://twitter.com/Reinhold_Block50"
            rel="noopener noreferrer"
            target="_blank"
          >
            Reinhold_Block50
          </a>
          , 
          <a
            href="/tag/etkinlik"
          >
            Etkinlik
          </a>
          , 
          <a
            href="/tag/yazilim"
          >
            Yazılım
          </a>
          , 
          <a
            href="/tag/arac"
          >
            Araç
          </a>
          , 
          <a
            href="/tag/podcast"
          >
            Podcast
          </a>
          , 
          <a
            href="/tag/yazi"
          >
            Blog Yazısı
          </a>
        </footer>
      </div>
    </article>
    <article
      class=""
    >
      <figure>
        <a
          aria-hidden="true"
          class=""
          href="http://mandy.biz"
          rel="noopener noreferrer"
          tabindex="-1"
          target="_blank"
        >
          <picture>
            <source
              srcset="http://lorempixel.com/913/512"
            />
            <img
              alt="Non quia qui voluptatem nihil officiis."
              loading="lazy"
              src="data:image/png;base64,iVBORw0KGgoAAAANSUhEUgAAAAEAAAABCAAAAAA6fptVAAAACklEQVQYV2P4DwABAQEAWk1v8QAAAABJRU5ErkJggg=="
            />
          </picture>
        </a>
      </figure>
      <div>
        <header>
          <h2>
            <a
              class=""
              href="http://mandy.biz"
              rel="noopener noreferrer"
              target="_blank"
            >
              Non quia qui voluptatem nihil officiis.
            </a>
          </h2>
          <p>
            Recusandae facilis quaerat omnis. Id doloribus numquam similique nisi est voluptas ipsum. Repellat tempora quidem quis magni dolore.
          </p>
        </header>
        <footer>
          <a
            aria-hidden="true"
            class=""
            href="http://mandy.biz"
            rel="noopener noreferrer"
            tabindex="-1"
            target="_blank"
          >
            3 months ago
          </a>
          , 
          <a
            class=""
            href="https://twitter.com/Frederique84"
            rel="noopener noreferrer"
            target="_blank"
          >
            Frederique84
          </a>
          , 
          <a
            href="/tag/arac"
          >
            Araç
          </a>
          , 
          <a
            href="/tag/etkinlik"
          >
            Etkinlik
          </a>
          , 
          <a
            href="/tag/yazi"
          >
            Blog Yazısı
          </a>
          , 
          <a
            href="/tag/frontend"
          >
            Frontend
          </a>
          , 
          <a
            href="/tag/tasarim"
          >
            Tasarım
          </a>
        </footer>
      </div>
    </article>
    <article
      class=""
    >
      <figure>
        <a
          aria-hidden="true"
          class=""
          href="https://herminio.info"
          rel="noopener noreferrer"
          tabindex="-1"
          target="_blank"
        >
          <picture>
            <source
              srcset="http://lorempixel.com/913/512"
            />
            <img
              alt="Mollitia debitis corporis sint commodi magnam ut laborum dolores aut."
              loading="lazy"
              src="data:image/png;base64,iVBORw0KGgoAAAANSUhEUgAAAAEAAAABCAAAAAA6fptVAAAACklEQVQYV2P4DwABAQEAWk1v8QAAAABJRU5ErkJggg=="
            />
          </picture>
        </a>
      </figure>
      <div>
        <header>
          <h2>
            <a
              class=""
              href="https://herminio.info"
              rel="noopener noreferrer"
              target="_blank"
            >
              Mollitia debitis corporis sint commodi magnam ut laborum dolores aut.
            </a>
          </h2>
          <p>
            Et quam delectus dolorem quidem itaque ad amet quasi at. Quod sit quas beatae qui ut. Deleniti officiis pariatur laudantium voluptate maiores.
          </p>
        </header>
        <footer>
          <a
            aria-hidden="true"
            class=""
            href="https://herminio.info"
            rel="noopener noreferrer"
            tabindex="-1"
            target="_blank"
          >
            9 months ago
          </a>
          , 
          <a
            class=""
            href="https://twitter.com/Madisen.Dibbert"
            rel="noopener noreferrer"
            target="_blank"
          >
            Madisen.Dibbert
          </a>
          , 
          <a
            href="/tag/etkinlik"
          >
            Etkinlik
          </a>
        </footer>
      </div>
    </article>
    <article
      class=""
    >
      <figure>
        <a
          aria-hidden="true"
          class=""
          href="http://ulices.net"
          rel="noopener noreferrer"
          tabindex="-1"
          target="_blank"
        >
          <picture>
            <source
              srcset="http://lorempixel.com/913/512"
            />
            <img
              alt="Eveniet quis aliquam eum aut."
              loading="lazy"
              src="data:image/png;base64,iVBORw0KGgoAAAANSUhEUgAAAAEAAAABCAAAAAA6fptVAAAACklEQVQYV2P4DwABAQEAWk1v8QAAAABJRU5ErkJggg=="
            />
          </picture>
        </a>
      </figure>
      <div>
        <header>
          <h2>
            <a
              class=""
              href="http://ulices.net"
              rel="noopener noreferrer"
              target="_blank"
            >
              Eveniet quis aliquam eum aut.
            </a>
          </h2>
          <p>
            Sunt dolor consequuntur corporis nemo omnis veritatis corporis quibusdam doloribus. Reiciendis et eligendi totam accusamus aspernatur autem. Exercitationem facere voluptas dolorem recusandae est officiis corrupti.
          </p>
        </header>
        <footer>
          <a
            aria-hidden="true"
            class=""
            href="http://ulices.net"
            rel="noopener noreferrer"
            tabindex="-1"
            target="_blank"
          >
            1 month ago
          </a>
          , 
          <a
            class=""
            href="https://twitter.com/Bernie_Zemlak"
            rel="noopener noreferrer"
            target="_blank"
          >
            Bernie_Zemlak
          </a>
          , 
          <a
            href="/tag/podcast"
          >
            Podcast
          </a>
          , 
          <a
            href="/tag/yazilim"
          >
            Yazılım
          </a>
        </footer>
      </div>
    </article>
    <article
      class=""
    >
      <figure>
        <a
          aria-hidden="true"
          class=""
          href="https://brayan.com"
          rel="noopener noreferrer"
          tabindex="-1"
          target="_blank"
        >
          <picture>
            <source
              srcset="http://lorempixel.com/913/512"
            />
            <img
              alt="Provident reiciendis et dolorem eos omnis accusamus voluptas."
              loading="lazy"
              src="data:image/png;base64,iVBORw0KGgoAAAANSUhEUgAAAAEAAAABCAAAAAA6fptVAAAACklEQVQYV2P4DwABAQEAWk1v8QAAAABJRU5ErkJggg=="
            />
          </picture>
        </a>
      </figure>
      <div>
        <header>
          <h2>
            <a
              class=""
              href="https://brayan.com"
              rel="noopener noreferrer"
              target="_blank"
            >
              Provident reiciendis et dolorem eos omnis accusamus voluptas.
            </a>
          </h2>
          <p>
            Labore enim rerum. Officiis eveniet ipsa aperiam dolorem sequi ratione porro mollitia. Odit sit architecto corporis tempora facilis quae vel dignissimos. Recusandae beatae quis aut ipsam. Modi eligendi unde voluptatem. Blanditiis aspernatur quibusdam quidem quia omnis omnis nesciunt aspernatur earum.
          </p>
        </header>
        <footer>
          <a
            aria-hidden="true"
            class=""
            href="https://brayan.com"
            rel="noopener noreferrer"
            tabindex="-1"
            target="_blank"
          >
            2 months ago
          </a>
          , 
          <a
            class=""
            href="https://twitter.com/Berta.Hirthe"
            rel="noopener noreferrer"
            target="_blank"
          >
            Berta.Hirthe
          </a>
          , 
          <a
            href="/tag/yazi"
          >
            Blog Yazısı
          </a>
          , 
          <a
            href="/tag/etkinlik"
          >
            Etkinlik
          </a>
          , 
          <a
            href="/tag/arac"
          >
            Araç
          </a>
        </footer>
      </div>
    </article>
    <article
      class=""
    >
      <h2>
        <a
          class=""
          href="http://freeda.name"
          rel="noopener noreferrer"
          target="_blank"
        >
          Autem ducimus quod dolores nulla voluptas nesciunt commodi. Qui quam qui sit autem tenetur consectetur. Repudiandae dolorum ut omnis facilis iusto natus. Quibusdam in natus cum sunt. Provident praesentium aut sunt est rerum quia iste explicabo.
        </a>
      </h2>
      <footer>
        <a
          aria-hidden="true"
          class=""
          href="http://freeda.name"
          rel="noopener noreferrer"
          tabindex="-1"
          target="_blank"
        >
          8 months ago
        </a>
        , 
        <a
          class=""
          href="https://twitter.com/Evelyn18"
          rel="noopener noreferrer"
          target="_blank"
        >
          Evelyn18
        </a>
        , 
        <a
          href="/tag/frontend"
        >
          Frontend
        </a>
        , 
        <a
          href="/tag/yazi"
        >
          Blog Yazısı
        </a>
        , 
        <a
          href="/tag/video"
        >
          Video
        </a>
        , 
        <a
          href="/tag/yazilim"
        >
          Yazılım
        </a>
        , 
        <a
          href="/tag/alinti"
        >
          Alıntı
        </a>
        , 
        <a
          href="/tag/arac"
        >
          Araç
        </a>
        , 
        <a
          href="/tag/podcast"
        >
          Podcast
        </a>
        , 
        <a
          href="/tag/etkinlik"
        >
          Etkinlik
        </a>
      </footer>
    </article>
    <article
      class=""
    >
      <figure>
        <a
          aria-hidden="true"
          class=""
          href="http://dusty.net"
          rel="noopener noreferrer"
          tabindex="-1"
          target="_blank"
        >
          <picture>
            <source
              srcset="http://lorempixel.com/913/512"
            />
            <img
              alt="Perferendis consectetur quia similique id delectus deleniti."
              loading="lazy"
              src="data:image/png;base64,iVBORw0KGgoAAAANSUhEUgAAAAEAAAABCAAAAAA6fptVAAAACklEQVQYV2P4DwABAQEAWk1v8QAAAABJRU5ErkJggg=="
            />
          </picture>
        </a>
      </figure>
      <div>
        <header>
          <h2>
            <a
              class=""
              href="http://dusty.net"
              rel="noopener noreferrer"
              target="_blank"
            >
              Perferendis consectetur quia similique id delectus deleniti.
            </a>
          </h2>
          <p>
            Culpa aut corrupti quia dolores. Dolor accusantium voluptas eos modi minus. Neque et et facilis molestiae aperiam sapiente vitae quia sed. Dolore asperiores quia beatae cupiditate repellat voluptatem perspiciatis qui quo.
          </p>
        </header>
        <footer>
          <a
            aria-hidden="true"
            class=""
            href="http://dusty.net"
            rel="noopener noreferrer"
            tabindex="-1"
            target="_blank"
          >
            11 months ago
          </a>
          , 
          <a
            class=""
            href="https://twitter.com/Adrienne.Durgan50"
            rel="noopener noreferrer"
            target="_blank"
          >
            Adrienne.Durgan50
          </a>
          , 
          <a
            href="/tag/arac"
          >
            Araç
          </a>
          , 
          <a
            href="/tag/yazilim"
          >
            Yazılım
          </a>
          , 
          <a
            href="/tag/yazi"
          >
            Blog Yazısı
          </a>
          , 
          <a
            href="/tag/podcast"
          >
            Podcast
          </a>
          , 
          <a
            href="/tag/frontend"
          >
            Frontend
          </a>
        </footer>
      </div>
    </article>
    <article
      class=""
    >
      <h2>
        <a
          class=""
          href="http://nia.info"
          rel="noopener noreferrer"
          target="_blank"
        >
          Delectus maxime tempora. Nihil est eveniet. Eaque odio assumenda. Vel quod qui vel impedit sed doloribus.
        </a>
      </h2>
      <footer>
        <a
          aria-hidden="true"
          class=""
          href="http://nia.info"
          rel="noopener noreferrer"
          tabindex="-1"
          target="_blank"
        >
          1 month ago
        </a>
        , 
        <a
          class=""
          href="https://twitter.com/Heber.Schamberger85"
          rel="noopener noreferrer"
          target="_blank"
        >
          Heber.Schamberger85
        </a>
        , 
        <a
          href="/tag/video"
        >
          Video
        </a>
        , 
        <a
          href="/tag/frontend"
        >
          Frontend
        </a>
        , 
        <a
          href="/tag/arac"
        >
          Araç
        </a>
        , 
        <a
          href="/tag/etkinlik"
        >
          Etkinlik
        </a>
        , 
        <a
          href="/tag/yazilim"
        >
          Yazılım
        </a>
        , 
        <a
          href="/tag/tasarim"
        >
          Tasarım
        </a>
        , 
        <a
          href="/tag/alinti"
        >
          Alıntı
        </a>
        , 
        <a
          href="/tag/podcast"
        >
          Podcast
        </a>
      </footer>
    </article>
    <article
      class=""
    >
      <h2>
        <a
          class=""
          href="https://kitty.name"
          rel="noopener noreferrer"
          target="_blank"
        >
          Facilis eius saepe. Nihil iure aut sit sequi tempora. Iusto incidunt inventore incidunt hic dicta odio id.
        </a>
      </h2>
      <footer>
        <a
          aria-hidden="true"
          class=""
          href="https://kitty.name"
          rel="noopener noreferrer"
          tabindex="-1"
          target="_blank"
        >
          10 months ago
        </a>
        , 
        <a
          class=""
          href="https://twitter.com/Skylar.Nicolas70"
          rel="noopener noreferrer"
          target="_blank"
        >
          Skylar.Nicolas70
        </a>
        , 
        <a
          href="/tag/alinti"
        >
          Alıntı
        </a>
        , 
        <a
          href="/tag/frontend"
        >
          Frontend
        </a>
        , 
        <a
          href="/tag/podcast"
        >
          Podcast
        </a>
        , 
        <a
          href="/tag/etkinlik"
        >
          Etkinlik
        </a>
        , 
        <a
          href="/tag/arac"
        >
          Araç
        </a>
        , 
        <a
          href="/tag/video"
        >
          Video
        </a>
      </footer>
    </article>
    <article
      class=""
    >
      <figure>
        <a
          aria-hidden="true"
          class=""
          href="http://joanie.org"
          rel="noopener noreferrer"
          tabindex="-1"
          target="_blank"
        >
          <picture>
            <source
              srcset="http://lorempixel.com/913/512"
            />
            <img
              alt="Aut quo commodi velit qui alias sed quia occaecati."
              loading="lazy"
              src="data:image/png;base64,iVBORw0KGgoAAAANSUhEUgAAAAEAAAABCAAAAAA6fptVAAAACklEQVQYV2P4DwABAQEAWk1v8QAAAABJRU5ErkJggg=="
            />
          </picture>
        </a>
      </figure>
      <div>
        <header>
          <h2>
            <a
              class=""
              href="http://joanie.org"
              rel="noopener noreferrer"
              target="_blank"
            >
              Aut quo commodi velit qui alias sed quia occaecati.
            </a>
          </h2>
          <p>
            Possimus qui doloribus. Illo et in. Illum et nostrum mollitia unde perspiciatis quasi necessitatibus qui. Quas dolores cupiditate facilis laborum quisquam. Suscipit architecto consequuntur similique totam beatae rerum autem recusandae.
          </p>
        </header>
        <footer>
          <a
            aria-hidden="true"
            class=""
            href="http://joanie.org"
            rel="noopener noreferrer"
            tabindex="-1"
            target="_blank"
          >
            7 months ago
          </a>
          , 
          <a
            class=""
            href="https://twitter.com/Jennings_Carroll0"
            rel="noopener noreferrer"
            target="_blank"
          >
            Jennings_Carroll0
          </a>
          , 
          <a
            href="/tag/podcast"
          >
            Podcast
          </a>
          , 
          <a
            href="/tag/frontend"
          >
            Frontend
          </a>
          , 
          <a
            href="/tag/arac"
          >
            Araç
          </a>
          , 
          <a
            href="/tag/turkce-kaynak"
          >
            Türkçe Kaynak
          </a>
          , 
          <a
            href="/tag/video"
          >
            Video
          </a>
        </footer>
      </div>
    </article>
    <article
      class=""
    >
      <h2>
        <a
          class=""
          href="http://jacynthe.com"
          rel="noopener noreferrer"
          target="_blank"
        >
          Vel autem officiis. Sunt qui id maxime veritatis blanditiis earum sit odit. Enim aut officiis. Consectetur pariatur sed. Sit corrupti ut suscipit dicta pariatur.
        </a>
      </h2>
      <footer>
        <a
          aria-hidden="true"
          class=""
          href="http://jacynthe.com"
          rel="noopener noreferrer"
          tabindex="-1"
          target="_blank"
        >
          9 months ago
        </a>
        , 
        <a
          class=""
          href="https://twitter.com/Nikko_Haag56"
          rel="noopener noreferrer"
          target="_blank"
        >
          Nikko_Haag56
        </a>
        , 
        <a
          href="/tag/tasarim"
        >
          Tasarım
        </a>
        , 
        <a
          href="/tag/alinti"
        >
          Alıntı
        </a>
        , 
        <a
          href="/tag/yazi"
        >
          Blog Yazısı
        </a>
        , 
        <a
          href="/tag/arac"
        >
          Araç
        </a>
        , 
        <a
          href="/tag/video"
        >
          Video
        </a>
      </footer>
    </article>
    <article
      class=""
    >
      <figure>
        <a
          aria-hidden="true"
          class=""
          href="http://philip.org"
          rel="noopener noreferrer"
          tabindex="-1"
          target="_blank"
        >
          <picture>
            <source
              srcset="http://lorempixel.com/913/512"
            />
            <img
              alt="Fuga magnam nesciunt aut labore sit laboriosam voluptatem quas."
              loading="lazy"
              src="data:image/png;base64,iVBORw0KGgoAAAANSUhEUgAAAAEAAAABCAAAAAA6fptVAAAACklEQVQYV2P4DwABAQEAWk1v8QAAAABJRU5ErkJggg=="
            />
          </picture>
        </a>
      </figure>
      <div>
        <header>
          <h2>
            <a
              class=""
              href="http://philip.org"
              rel="noopener noreferrer"
              target="_blank"
            >
              Fuga magnam nesciunt aut labore sit laboriosam voluptatem quas.
            </a>
          </h2>
          <p>
            Quis enim iste. Non harum saepe similique magnam omnis et. Nostrum atque expedita molestiae. Exercitationem reprehenderit doloremque voluptatum. Animi dicta perferendis. Quia quidem iste expedita porro velit perspiciatis vel in.
          </p>
        </header>
        <footer>
          <a
            aria-hidden="true"
            class=""
            href="http://philip.org"
            rel="noopener noreferrer"
            tabindex="-1"
            target="_blank"
          >
            5 months ago
          </a>
          , 
          <a
            class=""
            href="https://twitter.com/Hope90"
            rel="noopener noreferrer"
            target="_blank"
          >
            Hope90
          </a>
          , 
          <a
            href="/tag/podcast"
          >
            Podcast
          </a>
          , 
          <a
            href="/tag/arac"
          >
            Araç
          </a>
          , 
          <a
            href="/tag/frontend"
          >
            Frontend
          </a>
        </footer>
      </div>
    </article>
    <article
      class=""
    >
      <figure>
        <a
          aria-hidden="true"
          class=""
          href="http://josh.com"
          rel="noopener noreferrer"
          tabindex="-1"
          target="_blank"
        >
          <picture>
            <source
              srcset="http://lorempixel.com/913/512"
            />
            <img
              alt="Maiores et ut eos nihil quo nesciunt autem."
              loading="lazy"
              src="data:image/png;base64,iVBORw0KGgoAAAANSUhEUgAAAAEAAAABCAAAAAA6fptVAAAACklEQVQYV2P4DwABAQEAWk1v8QAAAABJRU5ErkJggg=="
            />
          </picture>
        </a>
      </figure>
      <div>
        <header>
          <h2>
            <a
              class=""
              href="http://josh.com"
              rel="noopener noreferrer"
              target="_blank"
            >
              Maiores et ut eos nihil quo nesciunt autem.
            </a>
          </h2>
          <p>
            Soluta vel beatae quibusdam officiis omnis. Quia quas eos consequatur voluptatem porro sapiente distinctio voluptate. Et inventore ut consequatur et dolor pariatur. Id voluptatum porro alias molestiae aut quidem pariatur. Nulla ut quod amet amet vel.
          </p>
        </header>
        <footer>
          <a
            aria-hidden="true"
            class=""
            href="http://josh.com"
            rel="noopener noreferrer"
            tabindex="-1"
            target="_blank"
          >
            5 months ago
          </a>
          , 
          <a
            class=""
            href="https://twitter.com/Wendy.Goldner81"
            rel="noopener noreferrer"
            target="_blank"
          >
            Wendy.Goldner81
          </a>
          , 
          <a
            href="/tag/arac"
          >
            Araç
          </a>
          , 
          <a
            href="/tag/yazilim"
          >
            Yazılım
          </a>
          , 
          <a
            href="/tag/video"
          >
            Video
          </a>
          , 
          <a
            href="/tag/tasarim"
          >
            Tasarım
          </a>
        </footer>
      </div>
    </article>
    <article
      class=""
    >
      <figure>
        <a
          aria-hidden="true"
          class=""
          href="https://adalberto.net"
          rel="noopener noreferrer"
          tabindex="-1"
          target="_blank"
        >
          <picture>
            <source
              srcset="http://lorempixel.com/913/512"
            />
            <img
              alt="Qui aliquam et rerum rerum tempora nam molestiae odit."
              loading="lazy"
              src="data:image/png;base64,iVBORw0KGgoAAAANSUhEUgAAAAEAAAABCAAAAAA6fptVAAAACklEQVQYV2P4DwABAQEAWk1v8QAAAABJRU5ErkJggg=="
            />
          </picture>
        </a>
      </figure>
      <div>
        <header>
          <h2>
            <a
              class=""
              href="https://adalberto.net"
              rel="noopener noreferrer"
              target="_blank"
            >
              Qui aliquam et rerum rerum tempora nam molestiae odit.
            </a>
          </h2>
          <p>
            Dignissimos enim ex ex distinctio sint. Nam dolores illo quibusdam est et molestias repudiandae vero optio. Tempore ipsa voluptas accusamus aliquid autem.
          </p>
        </header>
        <footer>
          <a
            aria-hidden="true"
            class=""
            href="https://adalberto.net"
            rel="noopener noreferrer"
            tabindex="-1"
            target="_blank"
          >
            2 months ago
          </a>
          , 
          <a
            class=""
            href="https://twitter.com/Janelle.Doyle40"
            rel="noopener noreferrer"
            target="_blank"
          >
            Janelle.Doyle40
          </a>
          , 
          <a
            href="/tag/video"
          >
            Video
          </a>
          , 
          <a
            href="/tag/arac"
          >
            Araç
          </a>
          , 
          <a
            href="/tag/tasarim"
          >
            Tasarım
          </a>
        </footer>
      </div>
    </article>
    <article
      class=""
    >
      <figure>
        <a
          aria-hidden="true"
          class=""
          href="https://joelle.org"
          rel="noopener noreferrer"
          tabindex="-1"
          target="_blank"
        >
          <picture>
            <source
              srcset="http://lorempixel.com/913/512"
            />
            <img
              alt="Quibusdam eos omnis delectus saepe quis."
              loading="lazy"
              src="data:image/png;base64,iVBORw0KGgoAAAANSUhEUgAAAAEAAAABCAAAAAA6fptVAAAACklEQVQYV2P4DwABAQEAWk1v8QAAAABJRU5ErkJggg=="
            />
          </picture>
        </a>
      </figure>
      <div>
        <header>
          <h2>
            <a
              class=""
              href="https://joelle.org"
              rel="noopener noreferrer"
              target="_blank"
            >
              Quibusdam eos omnis delectus saepe quis.
            </a>
          </h2>
          <p>
            Quae nesciunt ex nisi dicta tempore exercitationem maxime et vitae. Nulla labore numquam sit modi asperiores vitae. Illo in veniam ipsam libero voluptas ea. Dolor ratione voluptatibus eos eum nihil.
          </p>
        </header>
        <footer>
          <a
            aria-hidden="true"
            class=""
            href="https://joelle.org"
            rel="noopener noreferrer"
            tabindex="-1"
            target="_blank"
          >
            1 month ago
          </a>
          , 
          <a
            class=""
            href="https://twitter.com/Ardella_Spinka"
            rel="noopener noreferrer"
            target="_blank"
          >
            Ardella_Spinka
          </a>
        </footer>
      </div>
    </article>
    <article
      class=""
    >
      <h2>
        <a
          class=""
          href="http://mathilde.com"
          rel="noopener noreferrer"
          target="_blank"
        >
          Dicta praesentium deserunt eum magni. Et eaque rerum pariatur nostrum sequi eius. Et adipisci explicabo rerum. Est delectus aut quasi numquam impedit.
        </a>
      </h2>
      <footer>
        <a
          aria-hidden="true"
          class=""
          href="http://mathilde.com"
          rel="noopener noreferrer"
          tabindex="-1"
          target="_blank"
        >
          8 months ago
        </a>
        , 
        <a
          class=""
          href="https://twitter.com/Kathlyn_Keebler"
          rel="noopener noreferrer"
          target="_blank"
        >
          Kathlyn_Keebler
        </a>
        , 
        <a
          href="/tag/etkinlik"
        >
          Etkinlik
        </a>
        , 
        <a
          href="/tag/alinti"
        >
          Alıntı
        </a>
        , 
        <a
          href="/tag/turkce-kaynak"
        >
          Türkçe Kaynak
        </a>
        , 
        <a
          href="/tag/arac"
        >
          Araç
        </a>
      </footer>
    </article>
    <article
      class=""
    >
      <figure>
        <a
          aria-hidden="true"
          class=""
          href="https://eveline.com"
          rel="noopener noreferrer"
          tabindex="-1"
          target="_blank"
        >
          <picture>
            <source
              srcset="http://lorempixel.com/913/512"
            />
            <img
              alt="Odit modi non eos iste rerum adipisci voluptatem."
              loading="lazy"
              src="data:image/png;base64,iVBORw0KGgoAAAANSUhEUgAAAAEAAAABCAAAAAA6fptVAAAACklEQVQYV2P4DwABAQEAWk1v8QAAAABJRU5ErkJggg=="
            />
          </picture>
        </a>
      </figure>
      <div>
        <header>
          <h2>
            <a
              class=""
              href="https://eveline.com"
              rel="noopener noreferrer"
              target="_blank"
            >
              Odit modi non eos iste rerum adipisci voluptatem.
            </a>
          </h2>
          <p>
            Rerum quia aperiam est cumque ut quo deleniti. Neque laboriosam et perferendis dolorum beatae ut dolore ipsa. Rerum enim quis magni et.
          </p>
        </header>
        <footer>
          <a
            aria-hidden="true"
            class=""
            href="https://eveline.com"
            rel="noopener noreferrer"
            tabindex="-1"
            target="_blank"
          >
            6 months ago
          </a>
          , 
          <a
            class=""
            href="https://twitter.com/Jovani.Koelpin"
            rel="noopener noreferrer"
            target="_blank"
          >
            Jovani.Koelpin
          </a>
          , 
          <a
            href="/tag/etkinlik"
          >
            Etkinlik
          </a>
          , 
          <a
            href="/tag/frontend"
          >
            Frontend
          </a>
          , 
          <a
            href="/tag/turkce-kaynak"
          >
            Türkçe Kaynak
          </a>
          , 
          <a
            href="/tag/arac"
          >
            Araç
          </a>
          , 
          <a
            href="/tag/video"
          >
            Video
          </a>
        </footer>
      </div>
    </article>
    <article
      class=""
    >
      <h2>
        <a
          class=""
          href="http://janice.org"
          rel="noopener noreferrer"
          target="_blank"
        >
          Qui laudantium tempore accusamus iusto. Ratione ut exercitationem iusto veritatis unde sit hic.
        </a>
      </h2>
      <footer>
        <a
          aria-hidden="true"
          class=""
          href="http://janice.org"
          rel="noopener noreferrer"
          tabindex="-1"
          target="_blank"
        >
          3 months ago
        </a>
        , 
        <a
          class=""
          href="https://twitter.com/Emily_Carroll"
          rel="noopener noreferrer"
          target="_blank"
        >
          Emily_Carroll
        </a>
        , 
        <a
          href="/tag/alinti"
        >
          Alıntı
        </a>
        , 
        <a
          href="/tag/etkinlik"
        >
          Etkinlik
        </a>
        , 
        <a
          href="/tag/yazi"
        >
          Blog Yazısı
        </a>
        , 
        <a
          href="/tag/arac"
        >
          Araç
        </a>
        , 
        <a
          href="/tag/video"
        >
          Video
        </a>
      </footer>
    </article>
    <article
      class=""
    >
      <figure>
        <a
          aria-hidden="true"
          class=""
          href="https://mohamed.org"
          rel="noopener noreferrer"
          tabindex="-1"
          target="_blank"
        >
          <picture>
            <source
              srcset="http://lorempixel.com/913/512"
            />
            <img
              alt="Minima sunt recusandae repudiandae ratione."
              loading="lazy"
              src="data:image/png;base64,iVBORw0KGgoAAAANSUhEUgAAAAEAAAABCAAAAAA6fptVAAAACklEQVQYV2P4DwABAQEAWk1v8QAAAABJRU5ErkJggg=="
            />
          </picture>
        </a>
      </figure>
      <div>
        <header>
          <h2>
            <a
              class=""
              href="https://mohamed.org"
              rel="noopener noreferrer"
              target="_blank"
            >
              Minima sunt recusandae repudiandae ratione.
            </a>
          </h2>
          <p>
            Et autem dolorum minus quasi. Quia illo et ut optio saepe perferendis consequatur voluptas. Et culpa nisi modi. Et sit quibusdam enim inventore. Commodi corrupti amet modi asperiores consequatur nemo et.
          </p>
        </header>
        <footer>
          <a
            aria-hidden="true"
            class=""
            href="https://mohamed.org"
            rel="noopener noreferrer"
            tabindex="-1"
            target="_blank"
          >
            4 months ago
          </a>
          , 
          <a
            class=""
            href="https://twitter.com/Adela_Swift16"
            rel="noopener noreferrer"
            target="_blank"
          >
            Adela_Swift16
          </a>
          , 
          <a
            href="/tag/frontend"
          >
            Frontend
          </a>
          , 
          <a
            href="/tag/video"
          >
            Video
          </a>
          , 
          <a
            href="/tag/etkinlik"
          >
            Etkinlik
          </a>
          , 
          <a
            href="/tag/arac"
          >
            Araç
          </a>
          , 
          <a
            href="/tag/yazilim"
          >
            Yazılım
          </a>
          , 
          <a
            href="/tag/yazi"
          >
            Blog Yazısı
          </a>
        </footer>
      </div>
    </article>
  </div>
</DocumentFragment>
`;
